// Jest Snapshot v1, https://goo.gl/fbAQLP

exports[`<AuthenticationLayout /> match snapshot 1`] = `
<DocumentFragment>
  .c0 {
  display: -webkit-box;
  display: -webkit-flex;
  display: -ms-flexbox;
  display: flex;
  -webkit-flex-direction: row;
  -ms-flex-direction: row;
  flex-direction: row;
}

.c1 {
  height: 100vh;
  width: 100%;
  --tw-bg-opacity: 1;
  background-color: rgb(203 213 225 / var(--tw-bg-opacity));
}

<div
    class="c0 c1"
  />
</DocumentFragment>
`;
