// Jest Snapshot v1, https://goo.gl/fbAQLP

exports[`<Button /> renders correctly 1`] = `
<DocumentFragment>
  .c0 {
  position: relative;
  -webkit-user-select: none;
  -moz-user-select: none;
  -ms-user-select: none;
  user-select: none;
}

.c1 {
  --tw-bg-opacity: 1;
  background-color: rgb(79 70 229 / var(--tw-bg-opacity));
  color: rgb(255 255 255 / var(--tw-text-opacity));
  height: 2.75rem;
  padding-left: 2rem;
  padding-right: 2rem;
  padding-top: 0.5rem;
  padding-bottom: 0.5rem;
  font-size: 0.875rem;
  line-height: 1.25rem;
  border-radius: 0.375rem;
}

.c1:hover {
  --tw-bg-opacity: 0.8;
}

.c2 {
  display: -webkit-box;
  display: -webkit-flex;
  display: -ms-flexbox;
  display: flex;
  -webkit-align-items: center;
  -webkit-box-align: center;
  -ms-flex-align: center;
  align-items: center;
  -webkit-box-pack: center;
  -webkit-justify-content: center;
  -ms-flex-pack: center;
  justify-content: center;
  gap: 0.5rem;
}

<div
    class="c0"
  >
    <button
      class="c1"
      shape="rounded"
    >
      <span
        class="c2"
      >
        button
      </span>
    </button>
  </div>
</DocumentFragment>
`;
