// Jest Snapshot v1, https://goo.gl/fbAQLP

exports[`<CodeDisplay /> renders correctly 1`] = `
<DocumentFragment>
  .c0 {
  border-bottom-right-radius: 0.5rem;
  border-bottom-left-radius: 0.5rem;
  border-top-width: 1px;
  --tw-border-opacity: 1;
  border-color: rgb(75 85 99 / var(--tw-border-opacity));
  --tw-bg-opacity: 1;
  background-color: rgb(55 65 81 / var(--tw-bg-opacity));
  padding-left: 1.25rem;
  padding-right: 1.25rem;
  padding-top: 0.5rem;
  padding-bottom: 0.5rem;
}

.c1 {
  display: -webkit-box;
  display: -webkit-flex;
  display: -ms-flexbox;
  display: flex;
  -webkit-box-pack: end;
  -webkit-justify-content: flex-end;
  -ms-flex-pack: end;
  justify-content: flex-end;
}

.c2 {
  display: grid;
  grid-auto-flow: column;
  gap: 0.25rem;
}

<div
    class="c0"
  >
    <div
      class="c1"
    >
      <div
        class="c2"
      >
        <button
          data-testid="button"
        >
          Button
        </button>
        <button
          data-testid="button"
        >
          Button
        </button>
      </div>
    </div>
    <div>
      SyntaxHighlighter
    </div>
  </div>
</DocumentFragment>
`;
