// Jest Snapshot v1, https://goo.gl/fbAQLP

exports[`<TextField /> renders correctly and match snapshot 1`] = `
<DocumentFragment>
  .c0 {
  width: 185px;
  margin-bottom: 1.75rem;
  border-radius: 0.375rem;
}

.c1 {
  position: relative;
}

.c2 {
  outline: 2px solid transparent;
  outline-offset: 2px;
  -webkit-transition-property: all;
  transition-property: all;
  -webkit-transition-timing-function: cubic-bezier(0.4,0,0.2,1);
  transition-timing-function: cubic-bezier(0.4,0,0.2,1);
  -webkit-transition-duration: 150ms;
  transition-duration: 150ms;
  border-radius: 0.375rem;
  padding-left: 0.75rem;
  padding-right: 0.75rem;
  border-width: 1px;
  height: 2.75rem;
  padding-top: 0.5rem;
  padding-bottom: 0.5rem;
  font-size: 0.875rem;
  line-height: 1.25rem;
  width: 185px;
  background-color: transparent;
  --tw-border-opacity: 1;
  --tw-text-opacity: 1;
  border-color: rgb(75 85 99 / var(--tw-border-opacity));
  color: rgb(255 255 255 / var(--tw-text-opacity));
}

.c2:focus {
  --tw-ring-offset-shadow: var(--tw-ring-inset) 0 0 0 var(--tw-ring-offset-width) var(--tw-ring-offset-color);
  --tw-ring-shadow: var(--tw-ring-inset) 0 0 0 calc(1px + var(--tw-ring-offset-width)) var(--tw-ring-color);
  box-shadow: var(--tw-ring-offset-shadow),var(--tw-ring-shadow),var(--tw-shadow,0 0 #0000);
}

.c2:disabled {
  cursor: not-allowed;
}

.c2:disabled::-webkit-input-placeholder {
  opacity: 0.7;
}

.c2:disabled::-moz-placeholder {
  opacity: 0.7;
}

.c2:disabled:-ms-input-placeholder {
  opacity: 0.7;
}

.c2:disabled::placeholder {
  opacity: 0.7;
}

.c2:focus:focus-within {
  border-color: rgb(79 70 229 / var(--tw-border-opacity));
  --tw-ring-opacity: 1;
  --tw-ring-color: rgb(79 70 229 / var(--tw-border-opacity));
}

<div
    class="c0"
    shape="rounded"
    width="185px"
  >
    <div
      class="c1"
    >
      <input
        class="c2"
        shape="rounded"
        value=""
        width="185px"
      />
    </div>
  </div>
</DocumentFragment>
`;
