// Jest Snapshot v1, https://goo.gl/fbAQLP

exports[`<Navbar /> should render without crashing and match snapshot 1`] = `
<DocumentFragment>
  .c1 {
  display: -webkit-box;
  display: -webkit-flex;
  display: -ms-flexbox;
  display: flex;
  width: 100%;
}

.c3 {
  margin-left: 0.25rem;
  margin-right: 0.25rem;
  width: 100%;
  border-radius: 0.5rem;
  border-width: 1px;
  --tw-border-opacity: 1;
  border-color: rgb(55 65 81 / var(--tw-border-opacity));
  --tw-bg-opacity: 1;
  background-color: rgb(31 41 55 / var(--tw-bg-opacity));
  padding-left: 0.75rem;
  padding-right: 0.75rem;
  padding-top: 0.5rem;
  padding-bottom: 0.5rem;
  font-size: 0.875rem;
  line-height: 1.25rem;
  --tw-text-opacity: 1;
  color: rgb(255 255 255 / var(--tw-text-opacity));
  outline: 2px solid transparent;
  outline-offset: 2px;
}

.c3:focus-within {
  --tw-border-opacity: 1;
  border-color: rgb(79 70 229 / var(--tw-border-opacity));
  --tw-ring-opacity: 1;
  --tw-ring-color: rgb(79 70 229 / var(--tw-ring-opacity));
}

.c3:focus {
  --tw-border-opacity: 1;
  border-color: rgb(79 70 229 / var(--tw-border-opacity));
  --tw-ring-offset-shadow: var(--tw-ring-inset) 0 0 0 var(--tw-ring-offset-width) var(--tw-ring-offset-color);
  --tw-ring-shadow: var(--tw-ring-inset) 0 0 0 calc(1px + var(--tw-ring-offset-width)) var(--tw-ring-color);
  box-shadow: var(--tw-ring-offset-shadow),var(--tw-ring-shadow),var(--tw-shadow,0 0 #0000);
  --tw-ring-opacity: 1;
  --tw-ring-color: rgb(79 70 229 / var(--tw-ring-opacity));
}

.c2 {
  margin-left: 0.25rem;
  margin-right: 0.25rem;
  cursor: pointer;
  padding-top: 0.5rem;
  padding-bottom: 0.5rem;
  padding-left: 0.75rem;
  padding-right: 0.75rem;
}

.c2:hover {
  border-radius: 9999px;
  --tw-bg-opacity: 0.4;
  background-color: rgb(0 0 0 / var(--tw-bg-opacity));
}

.c9 {
  height: 2rem;
  width: 2rem;
  border-radius: 9999px;
  --tw-bg-opacity: 1;
  background-color: rgb(156 163 175 / var(--tw-bg-opacity));
}

.dark .c8 {
  --tw-bg-opacity: 1;
  background-color: rgb(239 68 68 / var(--tw-bg-opacity));
}

.c4 {
  display: -webkit-box;
  display: -webkit-flex;
  display: -ms-flexbox;
  display: flex;
  width: 100%;
  -webkit-align-items: center;
  -webkit-box-align: center;
  -ms-flex-align: center;
  align-items: center;
  -webkit-box-pack: end;
  -webkit-justify-content: flex-end;
  -ms-flex-pack: end;
  justify-content: flex-end;
}

.c5 {
  margin-left: 0.25rem;
  margin-right: 0.25rem;
  cursor: pointer;
  padding: 0.5rem;
}

.c5:hover {
  border-radius: 9999px;
  --tw-bg-opacity: 0.4;
  background-color: rgb(0 0 0 / var(--tw-bg-opacity));
}

.c6 {
  display: -webkit-box;
  display: -webkit-flex;
  display: -ms-flexbox;
  display: flex;
  height: 1.5rem;
  width: 1.5rem;
  -webkit-align-items: center;
  -webkit-box-align: center;
  -ms-flex-align: center;
  align-items: center;
  -webkit-box-pack: center;
  -webkit-justify-content: center;
  -ms-flex-pack: center;
  justify-content: center;
}

.c7 {
  margin-left: 0.75rem;
  display: -webkit-box;
  display: -webkit-flex;
  display: -ms-flexbox;
  display: flex;
  cursor: pointer;
  -webkit-align-items: center;
  -webkit-box-align: center;
  -ms-flex-align: center;
  align-items: center;
  padding-right: 0.75rem;
}

.c10 {
  margin-left: 0.5rem;
  display: -webkit-box;
  display: -webkit-flex;
  display: -ms-flexbox;
  display: flex;
  -webkit-user-select: none;
  -moz-user-select: none;
  -ms-user-select: none;
  user-select: none;
  -webkit-flex-direction: column;
  -ms-flex-direction: column;
  flex-direction: column;
}

.c11 {
  font-size: 0.75rem;
  line-height: 1rem;
}

.c12 {
  font-size: 0.875rem;
  line-height: 1.25rem;
  font-weight: 700;
}

.c0 {
  display: -webkit-box;
  display: -webkit-flex;
  display: -ms-flexbox;
  display: flex;
  height: 64px;
  -webkit-align-items: center;
  -webkit-box-align: center;
  -ms-flex-align: center;
  align-items: center;
  -webkit-box-pack: justify;
  -webkit-justify-content: space-between;
  -ms-flex-pack: justify;
  justify-content: space-between;
  border-bottom-width: 1px;
  --tw-border-opacity: 1;
  border-color: rgb(55 65 81 / var(--tw-border-opacity));
  padding-left: 1rem;
  padding-right: 1rem;
}

<div
    class="c0"
  >
    <div
      class="c1"
    >
      <div
        class="c2"
      >
        <svg>
          bars
        </svg>
      </div>
      <input
        class="c3"
        placeholder="Search..."
      />
    </div>
    <div
      class="c4"
    >
      <div
        class="c5 select-none"
      >
        Toggle Theme(Temp)
      </div>
      <div
        class="c5 select-none"
      >
        Toggle Mode(Temp)
      </div>
      <div
        class="c5"
      >
        <svg
          class="h-6 w-6"
          viewBox="0 0 513 342"
          xmlns="http://www.w3.org/2000/svg"
        >
          <path
            d="M0 0h513v342H0z"
            fill="#FFF"
          />
          <path
            d="M0 0h513v26.3H0zm0 52.6h513v26.3H0zm0 52.6h513v26.3H0zm0 52.6h513v26.3H0zm0 52.7h513v26.3H0zm0 52.6h513v26.3H0zm0 52.6h513V342H0z"
            fill="#D80027"
          />
          <path
            d="M0 0h256.5v184.1H0z"
            fill="#2E52B2"
          />
          <path
            d="m47.8 138.9-4-12.8-4.4 12.8H26.2l10.7 7.7-4 12.8 10.9-7.9 10.6 7.9-4.1-12.8 10.9-7.7zm56.3 0-4.1-12.8-4.2 12.8H82.6l10.7 7.7-4 12.8 10.7-7.9 10.8 7.9-4-12.8 10.7-7.7zm56.5 0-4.3-12.8-4 12.8h-13.5l11 7.7-4.2 12.8 10.7-7.9 11 7.9-4.2-12.8 10.7-7.7zm56.2 0-4-12.8-4.2 12.8h-13.3l10.8 7.7-4 12.8 10.7-7.9 10.8 7.9-4.3-12.8 11-7.7zM100 75.3l-4.2 12.8H82.6L93.3 96l-4 12.6 10.7-7.8 10.8 7.8-4-12.6 10.7-7.9h-13.4zm-56.2 0-4.4 12.8H26.2L36.9 96l-4 12.6 10.9-7.8 10.6 7.8L50.3 96l10.9-7.9H47.8zm112.5 0-4 12.8h-13.5l11 7.9-4.2 12.6 10.7-7.8 11 7.8-4.2-12.6 10.7-7.9h-13.2zm56.5 0-4.2 12.8h-13.3l10.8 7.9-4 12.6 10.7-7.8 10.8 7.8-4.3-12.6 11-7.9h-13.5zm-169-50.6-4.4 12.6H26.2l10.7 7.9-4 12.7L43.8 50l10.6 7.9-4.1-12.7 10.9-7.9H47.8zm56.2 0-4.2 12.6H82.6l10.7 7.9-4 12.7L100 50l10.8 7.9-4-12.7 10.7-7.9h-13.4zm56.3 0-4 12.6h-13.5l11 7.9-4.2 12.7 10.7-7.9 11 7.9-4.2-12.7 10.7-7.9h-13.2zm56.5 0-4.2 12.6h-13.3l10.8 7.9-4 12.7 10.7-7.9 10.8 7.9-4.3-12.7 11-7.9h-13.5z"
            fill="#FFF"
          />
        </svg>
      </div>
      <div
        class="c5"
      >
        <div
          class="c6"
        >
          <svg>
            bell
          </svg>
        </div>
      </div>
      <div
        class="c5"
      >
        <div
          class="c6"
        >
          <svg>
            gear
          </svg>
        </div>
      </div>
      <div
        class="c7"
      >
        <div
          class="c8 c9"
        />
        <div
          class="c10"
        >
          <span
            class="c11"
          >
            Admin
          </span>
          <span
            class="c12"
          >
            Tanawat P
          </span>
        </div>
      </div>
    </div>
  </div>
</DocumentFragment>
`;
