// Jest Snapshot v1, https://goo.gl/fbAQLP

exports[`<ComponentDisplay /> renders correctly 1`] = `
<DocumentFragment>
  .c1 {
  --tw-border-opacity: 1;
  border-color: rgb(229 231 235 / var(--tw-border-opacity));
  border-radius: 0.5rem;
  border-width: 1px;
}

.dark .c0 {
  --tw-border-opacity: 1;
  border-color: rgb(75 85 99 / var(--tw-border-opacity));
}

.c2 {
  display: grid;
  gap: 0.5rem;
  padding: 1.25rem;
}

<div
    class="c0 c1"
  >
    <div
      class="c2"
    >
      <div>
        xxx
      </div>
    </div>
    <div
      data-testid="code-display"
    >
      code
    </div>
  </div>
</DocumentFragment>
`;
