// Jest Snapshot v1, https://goo.gl/fbAQLP

exports[`<IconCaretLeft /> should render without crashing and match snapshot 1`] = `
<DocumentFragment>
  .c0 {
  width: 0;
  height: 0;
  border: 7px solid transparent;
  border-top: 7px solid;
  border-right: 7px solid;
}

.c1 {
  --tw-rotate: -135deg;
  -webkit-transform: translate(var(--tw-translate-x),var(--tw-translate-y)) rotate(var(--tw-rotate)) skewX(var(--tw-skew-x)) skewY(var(--tw-skew-y)) scaleX(var(--tw-scale-x)) scaleY(var(--tw-scale-y));
  -ms-transform: translate(var(--tw-translate-x),var(--tw-translate-y)) rotate(var(--tw-rotate)) skewX(var(--tw-skew-x)) skewY(var(--tw-skew-y)) scaleX(var(--tw-scale-x)) scaleY(var(--tw-scale-y));
  transform: translate(var(--tw-translate-x),var(--tw-translate-y)) rotate(var(--tw-rotate)) skewX(var(--tw-skew-x)) skewY(var(--tw-skew-y)) scaleX(var(--tw-scale-x)) scaleY(var(--tw-scale-y));
  --tw-text-opacity: 1;
  color: rgb(0 0 0 / var(--tw-text-opacity));
}

<i
    class="c0 c1"
  />
</DocumentFragment>
`;
