// Jest Snapshot v1, https://goo.gl/fbAQLP

exports[`<SidebarHeader /> should render without crashing and match snapshot 1`] = `
<DocumentFragment>
  .c0 {
  display: -webkit-box;
  display: -webkit-flex;
  display: -ms-flexbox;
  display: flex;
  height: 64px;
  -webkit-align-items: center;
  -webkit-box-align: center;
  -ms-flex-align: center;
  align-items: center;
  -webkit-box-pack: justify;
  -webkit-justify-content: space-between;
  -ms-flex-pack: justify;
  justify-content: space-between;
  padding-left: 1.5rem;
  padding-right: 1.5rem;
}

.c1 {
  display: -webkit-box;
  display: -webkit-flex;
  display: -ms-flexbox;
  display: flex;
  height: 100%;
  -webkit-align-items: center;
  -webkit-box-align: center;
  -ms-flex-align: center;
  align-items: center;
}

.c2 {
  height: 2rem;
  width: 2rem;
  border-radius: 9999px;
  --tw-bg-opacity: 1;
  background-color: rgb(156 163 175 / var(--tw-bg-opacity));
}

.c4 {
  --tw-text-opacity: 1;
  color: rgb(107 114 128 / var(--tw-text-opacity));
  margin-left: 0.5rem;
  -webkit-user-select: none;
  -moz-user-select: none;
  -ms-user-select: none;
  user-select: none;
}

.dark .c3 {
  --tw-text-opacity: 1;
  color: rgb(156 163 175 / var(--tw-text-opacity));
}

<div
    class="c0"
  >
    <div
      class="c1"
    >
      <div
        class="c2"
      />
      <div
        class="c3 c4"
      >
        Gu Ask Real
      </div>
    </div>
  </div>
</DocumentFragment>
`;
