// Jest Snapshot v1, https://goo.gl/fbAQLP

exports[`<SidebarItem /> should render without crashing and match snapshot 1`] = `
<DocumentFragment>
  .c1 {
  --tw-text-opacity: 1;
  color: rgb(75 85 99 / var(--tw-text-opacity));
  background-color: transparent;
  -webkit-box-pack: justify;
  -webkit-justify-content: space-between;
  -ms-flex-pack: justify;
  justify-content: space-between;
  padding-left: 0.75rem;
  padding-right: 0.75rem;
  margin-bottom: 0.5rem;
  display: -webkit-box;
  display: -webkit-flex;
  display: -ms-flexbox;
  display: flex;
  height: 2.5rem;
  cursor: pointer;
  -webkit-align-items: center;
  -webkit-box-align: center;
  -ms-flex-align: center;
  align-items: center;
  border-radius: 0.5rem;
}

.c1:hover {
  --tw-text-opacity: 1;
  color: rgb(17 24 39 / var(--tw-text-opacity));
}

.dark .c0 {
  --tw-text-opacity: 1;
  color: rgb(243 244 246 / var(--tw-text-opacity));
}

.dark .c0:hover {
  --tw-text-opacity: 1;
  color: rgb(243 244 246 / var(--tw-text-opacity));
}

.c1:hover {
  --tw-bg-opacity: 0.1;
  background-color: rgb(17 24 39 / var(--tw-bg-opacity));
}

.dark .c0 {
  background-color: transparent;
}

.dark .c0:hover {
  --tw-bg-opacity: 0.1;
  background-color: rgb(255 255 255 / var(--tw-bg-opacity));
}

.c2 {
  display: -webkit-box;
  display: -webkit-flex;
  display: -ms-flexbox;
  display: flex;
  -webkit-align-items: center;
  -webkit-box-align: center;
  -ms-flex-align: center;
  align-items: center;
}

.c3 {
  display: -webkit-box;
  display: -webkit-flex;
  display: -ms-flexbox;
  display: flex;
  height: 1.5rem;
  width: 1.5rem;
  -webkit-align-items: center;
  -webkit-box-align: center;
  -ms-flex-align: center;
  align-items: center;
  -webkit-box-pack: center;
  -webkit-justify-content: center;
  -ms-flex-pack: center;
  justify-content: center;
  margin-right: 0.5rem;
}

.c4 {
  -webkit-transition-property: all;
  transition-property: all;
  -webkit-transition-timing-function: cubic-bezier(0.4,0,0.2,1);
  transition-timing-function: cubic-bezier(0.4,0,0.2,1);
  -webkit-transition-duration: 150ms;
  transition-duration: 150ms;
}

<div
    class="c0 c1"
  >
    <div
      class="c2"
    >
      <div
        class="c3"
      >
        <div>
          xxxx
        </div>
      </div>
      <span
        class="mt-0.5"
      >
        test
      </span>
    </div>
    <div
      class="c4"
    >
      <svg>
        angle-down
      </svg>
    </div>
  </div>
</DocumentFragment>
`;
