// Jest Snapshot v1, https://goo.gl/fbAQLP

exports[`<SidebarFooter /> should render without crashing and match snapshot 1`] = `
<DocumentFragment>
  .c0 {
  display: -webkit-box;
  display: -webkit-flex;
  display: -ms-flexbox;
  display: flex;
  height: 64px;
  -webkit-flex-direction: column;
  -ms-flex-direction: column;
  flex-direction: column;
  -webkit-align-items: center;
  -webkit-box-align: center;
  -ms-flex-align: center;
  align-items: center;
  -webkit-box-pack: center;
  -webkit-justify-content: center;
  -ms-flex-pack: center;
  justify-content: center;
  border-top-width: 1px;
  --tw-border-opacity: 1;
  border-color: rgb(55 65 81 / var(--tw-border-opacity));
  padding-top: 0.5rem;
  padding-bottom: 0.5rem;
  font-size: 0.875rem;
  line-height: 1.5rem;
}

<div
    class="c0"
  >
    <span>
      Powered by tDev
    </span>
    <span>
      0.1.0
    </span>
  </div>
</DocumentFragment>
`;
