// Jest Snapshot v1, https://goo.gl/fbAQLP

exports[`<ButtonUi /> renders correctly 1`] = `
<DocumentFragment>
  .c0 {
  display: grid;
  grid-template-columns: repeat(1,minmax(0,1fr));
  gap: 2rem;
  padding-left: 2rem;
  padding-right: 2rem;
  padding-top: 1.5rem;
  padding-bottom: 1.5rem;
}

.c2 {
  grid-column: span 1 / span 1;
  display: none;
}

@media (min-width:1280px) {
  .c0 {
    grid-template-columns: repeat(5,minmax(0,1fr));
  }
}

@media (min-width:1280px) {
  .c1 {
    grid-column: span 4 / span 4;
  }
}

@media (min-width:1280px) {
  .c2 {
    display: block;
  }
}

<div
    class="c0"
  >
    <div
      class="c1"
    >
      <div>
        Title
      </div>
    </div>
    <div
      class="c2"
    />
  </div>
</DocumentFragment>
`;
