// Jest Snapshot v1, https://goo.gl/fbAQLP

exports[`<Title /> renders correctly with default size 1`] = `
<DocumentFragment>
  .c0 {
  margin-bottom: 1.5rem;
}

<div
    class="c0"
    data-testid="container"
  >
    <h4>
      Title
    </h4>
    <span>
      Detail
    </span>
  </div>
</DocumentFragment>
`;
