// Jest Snapshot v1, https://goo.gl/fbAQLP

exports[`<RightMenuContent /> renders correctly 1`] = `
<DocumentFragment>
  <div
    data-testid="title"
  >
    Title
  </div>
  .c1 {
  --tw-text-opacity: 1;
  color: rgb(107 114 128 / var(--tw-text-opacity));
  display: grid;
  gap: 0.5rem;
}

.dark .c0 {
  --tw-text-opacity: 1;
  color: rgb(156 163 175 / var(--tw-text-opacity));
}

<ul
    class="c0 c1"
  >
    <li
      class="text-gray-900 font-semibold dark:text-gray-50"
    >
      <a
        href="#variant"
      >
        Variant
      </a>
    </li>
    <li
      class=""
    >
      <a
        href="#color"
      >
        Color
      </a>
    </li>
    <li
      class=""
    >
      <a
        href="#size"
      >
        Size
      </a>
    </li>
  </ul>
</DocumentFragment>
`;
