// Jest Snapshot v1, https://goo.gl/fbAQLP

exports[`<RightMenuContent /> renders correctly 1`] = `
<DocumentFragment>
  <div
    data-testid="title"
  >
    Title
  </div>
  <ul
    class="grid gap-2"
  >
    <li
      class="text-ghost-white"
    >
      <a
        href="#variant"
      >
        Variant
      </a>
    </li>
    <li
      class=""
    >
      <a
        href="#color"
      >
        Color
      </a>
    </li>
    <li
      class=""
    >
      <a
        href="#size"
      >
        Size
      </a>
    </li>
  </ul>
</DocumentFragment>
`;
